// Jest Snapshot v1, https://goo.gl/fbAQLP

exports[`Post renders correctly 1`] = `
<div
  className="post"
>
  <div
    className="post__content"
  >
    <article
      className="content"
    >
      <h1
        className="content__title"
      >
        test
      </h1>
      <h2
        className="content__subtitle"
      />
      <p
        className="content__date"
      >
        <time>
          September 01, 2016
        </time>
      </p>
      <div
        className="content__body"
        dangerouslySetInnerHTML={
          Object {
            "__html": "<p>test</p>",
          }
        }
      />
    </article>
  </div>
  <div
    className="post__subscribeForm"
  >
    <div
      className="container large "
    >
      <p
        className="description"
      >
        <b>
          Subscribe
        </b>
         to know whenever I post new content. I don't spam!
      </p>
      <form
        action="https://gmail.us20.list-manage.com/subscribe/post?SIGNUP=Post%3Atest"
        method="post"
        target="_blank"
      >
        <input
          name="u"
          type="hidden"
          value="7cd5089a9bbc5253e6890ae15"
        />
        <input
          name="id"
          type="hidden"
          value="9f367a1f47"
        />
        <input
          aria-label="Email Address"
          autoCapitalize="off"
          autoCorrect="off"
          name="MERGE0"
          placeholder="example@domain.com"
          size="25"
          type="email"
        />
        <br />
        <input
          name="submit"
          type="submit"
          value="SUBSCRIBE"
        />
      </form>
    </div>
  </div>
  <div
    className="post__viewSource"
  >
    <p>
      <i>
        This blog is
         
        <a
          href="#"
          target="_blank"
        >
          open-source on Github
        </a>
        .
      </i>
    </p>
  </div>
  <div
    className="post__footer"
  >
    <div
      className="tags"
    >
      <ul
        className="tags__list"
      >
        <li
          className="tags__list-item"
        >
          <h4
            className="tags__title"
          >
            Tags:
          </h4>
        </li>
        <li
          className="tags__list-item"
        >
          <Link
            className="tags__list-item-link"
            to="/test_0"
          >
            test_0
          </Link>
        </li>
        <li
          className="tags__list-item"
        >
          <Link
            className="tags__list-item-link"
            to="/test_1"
          >
            test_1
          </Link>
        </li>
      </ul>
    </div>
    <div
      className="container-small"
    />
    <div
      className="readmore"
    >
      <h4
        className="readmore-title"
      >
        YOU MIGHT ALSO LIKE
      </h4>
      <div
        className="readmore-links"
      >
        <div>
          <a
            href="test"
          >
            <b>
              test
            </b>
          </a>
          <p>
            <b>
              September 1, 2016
            </b>
          </p>
          <p />
        </div>
        <div>
          <a
            href="test"
          >
            <b>
              test
            </b>
          </a>
          <p>
            <b>
              September 1, 2016
            </b>
          </p>
          <p />
        </div>
      </div>
    </div>
    <div
      className="post__authorContainer"
    >
      <StaticQuery
        render={[Function]}
      />
    </div>
    <StaticQuery
      render={[Function]}
    />
  </div>
  <div
    className="post__comments"
  >
    <div
      style={
        Object {
          "paddingBottom": "320px",
        }
      }
    />
  </div>
</div>
`;
